ERC report (2026-06-06T21:22:02, Encoding UTF8)
Report includes: Errors, Warnings

***** Sheet /
[wire_dangling]: Wires not connected to anything
    ; error
    @(99.06 mm, 76.20 mm): Vertical Wire, length 6.35 mm
[wire_dangling]: Wires not connected to anything
    ; error
    @(173.99 mm, 64.77 mm): Horizontal Wire, length 5.08 mm
    @(173.99 mm, 59.69 mm): Horizontal Wire, length 5.08 mm
[wire_dangling]: Wires not connected to anything
    ; error
    @(69.85 mm, 189.23 mm): Horizontal Wire, length 7.62 mm
    @(69.85 mm, 189.23 mm): Vertical Wire, length 8.89 mm
[wire_dangling]: Wires not connected to anything
    ; error
    @(194.31 mm, 67.31 mm): Horizontal Wire, length 3.81 mm
    @(198.12 mm, 67.31 mm): Vertical Wire, length 11.43 mm
[wire_dangling]: Wires not connected to anything
    ; error
    @(217.17 mm, 43.18 mm): Vertical Wire, length 6.35 mm
[wire_dangling]: Wires not connected to anything
    ; error
    @(210.82 mm, 191.77 mm): Horizontal Wire, length 2.54 mm
    @(210.82 mm, 191.77 mm): Vertical Wire, length 41.91 mm
[wire_dangling]: Wires not connected to anything
    ; error
    @(290.83 mm, 171.45 mm): Vertical Wire, length 5.08 mm
[wire_dangling]: Wires not connected to anything
    ; error
    @(320.04 mm, 171.45 mm): Vertical Wire, length 27.94 mm
    @(320.04 mm, 199.39 mm): Vertical Wire, length 7.62 mm
[wire_dangling]: Wires not connected to anything
    ; error
    @(330.20 mm, 191.77 mm): Vertical Wire, length 41.91 mm
    @(332.74 mm, 191.77 mm): Horizontal Wire, length 2.54 mm
[lib_symbol_issues]: Symbol 'Power/PWR/VCC' not found in symbol library 'sldrnrd'
    ; warning
    @(91.44 mm, 53.34 mm): Symbol #PWR01 [Power/PWR/VCC]
[lib_symbol_issues]: Symbol 'Power/PWR/GND' not found in symbol library 'sldrnrd'
    ; warning
    @(186.69 mm, 105.41 mm): Symbol #PWR02 [Power/PWR/GND]
[lib_symbol_issues]: Symbol 'Power/PWR/VCC' not found in symbol library 'sldrnrd'
    ; warning
    @(234.95 mm, 49.53 mm): Symbol #PWR08 [Power/PWR/VCC]
[lib_symbol_issues]: Symbol 'Power/PWR/GND' not found in symbol library 'sldrnrd'
    ; warning
    @(236.22 mm, 105.41 mm): Symbol #PWR09 [Power/PWR/GND]
[lib_symbol_issues]: Symbol 'Power/PWR/VCC' not found in symbol library 'sldrnrd'
    ; warning
    @(195.58 mm, 180.34 mm): Symbol #PWR03 [Power/PWR/VCC]
[lib_symbol_issues]: Symbol 'Power/PWR/3V3' not found in symbol library 'sldrnrd'
    ; warning
    @(229.87 mm, 180.34 mm): Symbol #PWR06 [Power/PWR/3V3]
[lib_symbol_issues]: The current configuration does not include the symbol library 'power'
    ; warning
    @(195.58 mm, 218.44 mm): Symbol #PWR04 [GND]
[lib_symbol_issues]: The current configuration does not include the symbol library 'power'
    ; warning
    @(201.93 mm, 218.44 mm): Symbol #PWR05 [GND]
[lib_symbol_issues]: The current configuration does not include the symbol library 'power'
    ; warning
    @(229.87 mm, 218.44 mm): Symbol #PWR07 [GND]
[lib_symbol_issues]: The current configuration does not include the symbol library 'power'
    ; warning
    @(237.49 mm, 218.44 mm): Symbol #PWR010 [GND]
[lib_symbol_issues]: Symbol 'Power/PWR/3V3' not found in symbol library 'sldrnrd'
    ; warning
    @(269.24 mm, 180.34 mm): Symbol #PWR011 [Power/PWR/3V3]
[lib_symbol_issues]: Symbol 'Power/PWR/GND' not found in symbol library 'sldrnrd'
    ; warning
    @(307.34 mm, 106.68 mm): Symbol #PWR012 [Power/PWR/GND]
[lib_symbol_issues]: Symbol 'Power/PWR/VCC' not found in symbol library 'sldrnrd'
    ; warning
    @(325.12 mm, 50.80 mm): Symbol #PWR013 [Power/PWR/VCC]
[lib_symbol_issues]: Symbol 'Power/PWR/GND' not found in symbol library 'sldrnrd'
    ; warning
    @(325.12 mm, 106.68 mm): Symbol #PWR014 [Power/PWR/GND]
[lib_symbol_issues]: Symbol 'Power/PWR/GND' not found in symbol library 'sldrnrd'
    ; warning
    @(334.01 mm, 106.68 mm): Symbol #PWR016 [Power/PWR/GND]
[lib_symbol_issues]: Symbol 'Power/PWR/3V3' not found in symbol library 'sldrnrd'
    ; warning
    @(328.93 mm, 167.64 mm): Symbol #PWR015 [Power/PWR/3V3]
[lib_symbol_issues]: Symbol 'Power/PWR/VCC' not found in symbol library 'sldrnrd'
    ; warning
    @(373.38 mm, 50.80 mm): Symbol #PWR021 [Power/PWR/VCC]
[lib_symbol_issues]: Symbol 'Power/PWR/VCC' not found in symbol library 'sldrnrd'
    ; warning
    @(339.09 mm, 167.64 mm): Symbol #PWR017 [Power/PWR/VCC]
[lib_symbol_issues]: Symbol 'Power/PWR/GND' not found in symbol library 'sldrnrd'
    ; warning
    @(367.03 mm, 106.68 mm): Symbol #PWR020 [Power/PWR/GND]
[lib_symbol_issues]: Symbol 'Power/PWR/GND' not found in symbol library 'sldrnrd'
    ; warning
    @(373.38 mm, 106.68 mm): Symbol #PWR022 [Power/PWR/GND]
[lib_symbol_issues]: Symbol 'Power/PWR/VCC' not found in symbol library 'sldrnrd'
    ; warning
    @(386.08 mm, 50.80 mm): Symbol #PWR023 [Power/PWR/VCC]
[lib_symbol_issues]: Symbol 'Power/PWR/GND' not found in symbol library 'sldrnrd'
    ; warning
    @(386.08 mm, 106.68 mm): Symbol #PWR024 [Power/PWR/GND]
[lib_symbol_issues]: The current configuration does not include the symbol library 'power'
    ; warning
    @(339.09 mm, 217.17 mm): Symbol #PWR018 [GND]
[lib_symbol_issues]: The current configuration does not include the symbol library 'power'
    ; warning
    @(350.52 mm, 217.17 mm): Symbol #PWR019 [GND]
[lib_symbol_issues]: Symbol 'Power/PWR/3V3' not found in symbol library 'sldrnrd'
    ; warning
    @(411.48 mm, 50.80 mm): Symbol #PWR028 [Power/PWR/3V3]
[lib_symbol_issues]: Symbol 'Power/PWR/3V3' not found in symbol library 'sldrnrd'
    ; warning
    @(420.37 mm, 50.80 mm): Symbol #PWR029 [Power/PWR/3V3]
[lib_symbol_issues]: Symbol 'Power/PWR/3V3' not found in symbol library 'sldrnrd'
    ; warning
    @(400.05 mm, 167.64 mm): Symbol #PWR026 [Power/PWR/3V3]
[lib_symbol_issues]: The current configuration does not include the symbol library 'power'
    ; warning
    @(388.62 mm, 217.17 mm): Symbol #PWR025 [GND]
[lib_symbol_issues]: The current configuration does not include the symbol library 'power'
    ; warning
    @(400.05 mm, 217.17 mm): Symbol #PWR027 [GND]
[lib_symbol_issues]: Symbol 'Power/PWR/VCC' not found in symbol library 'sldrnrd'
    ; warning
    @(483.87 mm, 53.34 mm): Symbol #PWR034 [Power/PWR/VCC]
[lib_symbol_issues]: The current configuration does not include the symbol library 'power'
    ; warning
    @(483.87 mm, 105.41 mm): Symbol #PWR035 [GND]
[lib_symbol_issues]: Symbol 'Power/PWR/5V0' not found in symbol library 'sldrnrd'
    ; warning
    @(467.36 mm, 166.37 mm): Symbol #PWR030 [Power/PWR/5V0]
[lib_symbol_issues]: The current configuration does not include the symbol library 'power'
    ; warning
    @(467.36 mm, 204.47 mm): Symbol #PWR031 [GND]
[lib_symbol_issues]: Symbol 'Power/PWR/3V3' not found in symbol library 'sldrnrd'
    ; warning
    @(508.00 mm, 53.34 mm): Symbol #PWR036 [Power/PWR/3V3]
[lib_symbol_issues]: The current configuration does not include the symbol library 'power'
    ; warning
    @(476.25 mm, 204.47 mm): Symbol #PWR032 [GND]
[lib_symbol_issues]: The current configuration does not include the symbol library 'power'
    ; warning
    @(482.60 mm, 204.47 mm): Symbol #PWR033 [GND]
[lib_symbol_issues]: The current configuration does not include the symbol library 'power'
    ; warning
    @(525.78 mm, 105.41 mm): Symbol #PWR038 [GND]
[lib_symbol_issues]: Symbol 'Power/PWR/VCC' not found in symbol library 'sldrnrd'
    ; warning
    @(532.13 mm, 166.37 mm): Symbol #PWR039 [Power/PWR/VCC]
[lib_symbol_issues]: The current configuration does not include the symbol library 'power'
    ; warning
    @(523.24 mm, 204.47 mm): Symbol #PWR037 [GND]
[lib_symbol_issues]: The current configuration does not include the symbol library 'power'
    ; warning
    @(532.13 mm, 204.47 mm): Symbol #PWR040 [GND]
[unconnected_wire_endpoint]: Unconnected wire endpoint
    ; warning
    @(44.45 mm, 49.53 mm): Vertical Wire, length 10.16 mm
[unconnected_wire_endpoint]: Unconnected wire endpoint
    ; warning
    @(40.64 mm, 52.07 mm): Vertical Wire, length 15.24 mm
[unconnected_wire_endpoint]: Unconnected wire endpoint
    ; warning
    @(40.64 mm, 74.93 mm): Vertical Wire, length 6.35 mm
[lib_symbol_issues]: Symbol 'Power/PWR/GND' not found in symbol library 'sldrnrd'
    ; warning
    @(40.64 mm, 81.28 mm): Symbol #PWR095 [Power/PWR/GND]
[unconnected_wire_endpoint]: Unconnected wire endpoint
    ; warning
    @(48.26 mm, 46.99 mm): Vertical Wire, length 34.29 mm
[unconnected_wire_endpoint]: Unconnected wire endpoint
    ; warning
    @(88.90 mm, 64.77 mm): Vertical Wire, length 5.08 mm
[unconnected_wire_endpoint]: Unconnected wire endpoint
    ; warning
    @(88.90 mm, 74.93 mm): Vertical Wire, length 7.62 mm
[lib_symbol_issues]: Symbol 'Power/PWR/GND' not found in symbol library 'sldrnrd'
    ; warning
    @(82.55 mm, 82.55 mm): Symbol #PWR0101 [Power/PWR/GND]
[unconnected_wire_endpoint]: Unconnected wire endpoint
    ; warning
    @(99.06 mm, 52.07 mm): Vertical Wire, length 16.51 mm
[lib_symbol_issues]: Symbol 'Power/PWR/GND' not found in symbol library 'sldrnrd'
    ; warning
    @(88.90 mm, 82.55 mm): Symbol #PWR0102 [Power/PWR/GND]
[unconnected_wire_endpoint]: Unconnected wire endpoint
    ; warning
    @(99.06 mm, 76.20 mm): Vertical Wire, length 6.35 mm
[lib_symbol_issues]: Symbol 'Power/PWR/GND' not found in symbol library 'sldrnrd'
    ; warning
    @(93.98 mm, 82.55 mm): Symbol #PWR0103 [Power/PWR/GND]
[unconnected_wire_endpoint]: Unconnected wire endpoint
    ; warning
    @(119.38 mm, 49.53 mm): Vertical Wire, length 10.16 mm
[unconnected_wire_endpoint]: Unconnected wire endpoint
    ; warning
    @(99.06 mm, 76.20 mm): Vertical Wire, length 6.35 mm
[unconnected_wire_endpoint]: Unconnected wire endpoint
    ; warning
    @(119.38 mm, 49.53 mm): Vertical Wire, length 5.08 mm
[unconnected_wire_endpoint]: Unconnected wire endpoint
    ; warning
    @(119.38 mm, 62.23 mm): Vertical Wire, length 3.81 mm
[unconnected_wire_endpoint]: Unconnected wire endpoint
    ; warning
    @(119.38 mm, 77.47 mm): Vertical Wire, length 5.08 mm
[isolated_pin_label]: Label connected to only one pin
    ; warning
    @(172.72 mm, 34.29 mm): Global Label 'DEBUG_UART_PC_TO_MCU'
[lib_symbol_issues]: Symbol 'Power/PWR/3V3' not found in symbol library 'sldrnrd'
    ; warning
    @(173.99 mm, 43.18 mm): Symbol #PWR0107 [Power/PWR/3V3]
[unconnected_wire_endpoint]: Unconnected wire endpoint
    ; warning
    @(176.53 mm, 52.07 mm): Horizontal Wire, length 2.54 mm
[unconnected_wire_endpoint]: Unconnected wire endpoint
    ; warning
    @(179.07 mm, 54.61 mm): Horizontal Wire, length 5.08 mm
[unconnected_wire_endpoint]: Unconnected wire endpoint
    ; warning
    @(179.07 mm, 57.15 mm): Horizontal Wire, length 5.08 mm
[unconnected_wire_endpoint]: Unconnected wire endpoint
    ; warning
    @(173.99 mm, 59.69 mm): Horizontal Wire, length 5.08 mm
[unconnected_wire_endpoint]: Unconnected wire endpoint
    ; warning
    @(173.99 mm, 64.77 mm): Horizontal Wire, length 5.08 mm
[unconnected_wire_endpoint]: Unconnected wire endpoint
    ; warning
    @(173.99 mm, 67.31 mm): Vertical Wire, length 11.43 mm
[unconnected_wire_endpoint]: Unconnected wire endpoint
    ; warning
    @(173.99 mm, 67.31 mm): Horizontal Wire, length 5.08 mm
[unconnected_wire_endpoint]: Unconnected wire endpoint
    ; warning
    @(69.85 mm, 189.23 mm): Vertical Wire, length 8.89 mm
[unconnected_wire_endpoint]: Unconnected wire endpoint
    ; warning
    @(198.12 mm, 52.07 mm): Horizontal Wire, length 3.81 mm
[unconnected_wire_endpoint]: Unconnected wire endpoint
    ; warning
    @(194.31 mm, 54.61 mm): Horizontal Wire, length 5.08 mm
[isolated_pin_label]: Label connected to only one pin
    ; warning
    @(60.96 mm, 193.04 mm): Global Label 'SCL3300_CS'
[unconnected_wire_endpoint]: Unconnected wire endpoint
    ; warning
    @(194.31 mm, 57.15 mm): Horizontal Wire, length 6.35 mm
[unconnected_wire_endpoint]: Unconnected wire endpoint
    ; warning
    @(198.12 mm, 59.69 mm): Horizontal Wire, length 3.81 mm
[unconnected_wire_endpoint]: Unconnected wire endpoint
    ; warning
    @(69.85 mm, 189.23 mm): Horizontal Wire, length 7.62 mm
[unconnected_wire_endpoint]: Unconnected wire endpoint
    ; warning
    @(194.31 mm, 64.77 mm): Horizontal Wire, length 22.86 mm
[unconnected_wire_endpoint]: Unconnected wire endpoint
    ; warning
    @(194.31 mm, 67.31 mm): Horizontal Wire, length 3.81 mm
[isolated_pin_label]: Label connected to only one pin
    ; warning
    @(60.96 mm, 196.85 mm): Global Label 'SCL3300_SCK'
[isolated_pin_label]: Label connected to only one pin
    ; warning
    @(200.66 mm, 53.34 mm): Global Label 'SWDIO'
[unconnected_wire_endpoint]: Unconnected wire endpoint
    ; warning
    @(60.96 mm, 193.04 mm): Horizontal Wire, length 16.51 mm
[isolated_pin_label]: Label connected to only one pin
    ; warning
    @(200.66 mm, 57.15 mm): Global Label 'SWCLK'
[isolated_pin_label]: Label connected to only one pin
    ; warning
    @(60.96 mm, 200.66 mm): Global Label 'SCL3300_MISO'
[unconnected_wire_endpoint]: Unconnected wire endpoint
    ; warning
    @(60.96 mm, 196.85 mm): Horizontal Wire, length 16.51 mm
[unconnected_wire_endpoint]: Unconnected wire endpoint
    ; warning
    @(198.12 mm, 67.31 mm): Vertical Wire, length 11.43 mm
[isolated_pin_label]: Label connected to only one pin
    ; warning
    @(60.96 mm, 204.47 mm): Global Label 'SCL3300_MOSI'
[unconnected_wire_endpoint]: Unconnected wire endpoint
    ; warning
    @(60.96 mm, 200.66 mm): Horizontal Wire, length 16.51 mm
[unconnected_wire_endpoint]: Unconnected wire endpoint
    ; warning
    @(60.96 mm, 204.47 mm): Horizontal Wire, length 16.51 mm
[unconnected_wire_endpoint]: Unconnected wire endpoint
    ; warning
    @(69.85 mm, 189.23 mm): Vertical Wire, length 19.05 mm
[unconnected_wire_endpoint]: Unconnected wire endpoint
    ; warning
    @(217.17 mm, 43.18 mm): Vertical Wire, length 6.35 mm
[unconnected_wire_endpoint]: Unconnected wire endpoint
    ; warning
    @(77.47 mm, 208.28 mm): Horizontal Wire, length 2.54 mm
[unconnected_wire_endpoint]: Unconnected wire endpoint
    ; warning
    @(217.17 mm, 43.18 mm): Vertical Wire, length 6.35 mm
[unconnected_wire_endpoint]: Unconnected wire endpoint
    ; warning
    @(69.85 mm, 213.36 mm): Vertical Wire, length 2.54 mm
[unconnected_wire_endpoint]: Unconnected wire endpoint
    ; warning
    @(217.17 mm, 57.15 mm): Vertical Wire, length 7.62 mm
[lib_symbol_issues]: Symbol 'Power/PWR/GND' not found in symbol library 'sldrnrd'
    ; warning
    @(69.85 mm, 215.90 mm): Symbol #PWR099 [Power/PWR/GND]
[lib_symbol_issues]: Symbol 'Power/PWR/GND' not found in symbol library 'sldrnrd'
    ; warning
    @(74.93 mm, 215.90 mm): Symbol #PWR0100 [Power/PWR/GND]
[unconnected_wire_endpoint]: Unconnected wire endpoint
    ; warning
    @(217.17 mm, 76.20 mm): Vertical Wire, length 2.54 mm
[unconnected_wire_endpoint]: Unconnected wire endpoint
    ; warning
    @(180.34 mm, 168.91 mm): Vertical Wire, length 5.08 mm
[unconnected_wire_endpoint]: Unconnected wire endpoint
    ; warning
    @(193.04 mm, 168.91 mm): Vertical Wire, length 5.08 mm
[unconnected_wire_endpoint]: Unconnected wire endpoint
    ; warning
    @(204.47 mm, 168.91 mm): Vertical Wire, length 30.48 mm
[isolated_pin_label]: Label connected to only one pin
    ; warning
    @(175.26 mm, 214.63 mm): Global Label 'PCAP04_1_P3'
[isolated_pin_label]: Label connected to only one pin
    ; warning
    @(175.26 mm, 218.44 mm): Global Label 'PCAP04_1_P2'
[isolated_pin_label]: Label connected to only one pin
    ; warning
    @(175.26 mm, 222.25 mm): Global Label 'PCAP04_1_INT'
[unconnected_wire_endpoint]: Unconnected wire endpoint
    ; warning
    @(180.34 mm, 187.96 mm): Horizontal Wire, length 33.02 mm
[unconnected_wire_endpoint]: Unconnected wire endpoint
    ; warning
    @(210.82 mm, 191.77 mm): Horizontal Wire, length 2.54 mm
[unconnected_wire_endpoint]: Unconnected wire endpoint
    ; warning
    @(193.04 mm, 195.58 mm): Horizontal Wire, length 20.32 mm
[unconnected_wire_endpoint]: Unconnected wire endpoint
    ; warning
    @(285.75 mm, 48.26 mm): Vertical Wire, length 1.27 mm
[unconnected_wire_endpoint]: Unconnected wire endpoint
    ; warning
    @(278.13 mm, 77.47 mm): Vertical Wire, length 5.08 mm
[unconnected_wire_endpoint]: Unconnected wire endpoint
    ; warning
    @(285.75 mm, 55.88 mm): Vertical Wire, length 1.27 mm
[unconnected_wire_endpoint]: Unconnected wire endpoint
    ; warning
    @(204.47 mm, 199.39 mm): Horizontal Wire, length 8.89 mm
[unconnected_wire_endpoint]: Unconnected wire endpoint
    ; warning
    @(285.75 mm, 63.50 mm): Vertical Wire, length 1.27 mm
[unconnected_wire_endpoint]: Unconnected wire endpoint
    ; warning
    @(204.47 mm, 207.01 mm): Horizontal Wire, length 8.89 mm
[unconnected_wire_endpoint]: Unconnected wire endpoint
    ; warning
    @(175.26 mm, 214.63 mm): Horizontal Wire, length 38.10 mm
[unconnected_wire_endpoint]: Unconnected wire endpoint
    ; warning
    @(175.26 mm, 218.44 mm): Horizontal Wire, length 38.10 mm
[unconnected_wire_endpoint]: Unconnected wire endpoint
    ; warning
    @(175.26 mm, 222.25 mm): Horizontal Wire, length 38.10 mm
[lib_symbol_issues]: Symbol 'Power/PWR/GND' not found in symbol library 'sldrnrd'
    ; warning
    @(204.47 mm, 233.68 mm): Symbol #PWR0113 [Power/PWR/GND]
[unconnected_wire_endpoint]: Unconnected wire endpoint
    ; warning
    @(210.82 mm, 191.77 mm): Vertical Wire, length 41.91 mm
[isolated_pin_label]: Label connected to only one pin
    ; warning
    @(327.66 mm, 55.88 mm): Global Label 'TEMP_SENSE_EXT'
[unconnected_wire_endpoint]: Unconnected wire endpoint
    ; warning
    @(327.66 mm, 55.88 mm): Horizontal Wire, length 3.81 mm
[unconnected_wire_endpoint]: Unconnected wire endpoint
    ; warning
    @(290.83 mm, 171.45 mm): Vertical Wire, length 5.08 mm
[unconnected_wire_endpoint]: Unconnected wire endpoint
    ; warning
    @(290.83 mm, 171.45 mm): Vertical Wire, length 5.08 mm
[isolated_pin_label]: Label connected to only one pin
    ; warning
    @(285.75 mm, 187.96 mm): Global Label 'PCAP04_2_SCL'
[unconnected_wire_endpoint]: Unconnected wire endpoint
    ; warning
    @(339.09 mm, 55.88 mm): Horizontal Wire, length 15.24 mm
[unconnected_wire_endpoint]: Unconnected wire endpoint
    ; warning
    @(290.83 mm, 184.15 mm): Vertical Wire, length 3.81 mm
[lib_symbol_issues]: Symbol 'Power/PWR/5V0' not found in symbol library 'sldrnrd'
    ; warning
    @(345.44 mm, 41.91 mm): Symbol #PWR0123 [Power/PWR/5V0]
[unconnected_wire_endpoint]: Unconnected wire endpoint
    ; warning
    @(303.53 mm, 171.45 mm): Vertical Wire, length 5.08 mm
[lib_symbol_issues]: Symbol 'Power/PWR/GND' not found in symbol library 'sldrnrd'
    ; warning
    @(345.44 mm, 74.93 mm): Symbol #PWR0124 [Power/PWR/GND]
[isolated_pin_label]: Label connected to only one pin
    ; warning
    @(285.75 mm, 214.63 mm): Global Label 'PCAP04_2_P3'
[isolated_pin_label]: Label connected to only one pin
    ; warning
    @(285.75 mm, 218.44 mm): Global Label 'PCAP04_2_P2'
[unconnected_wire_endpoint]: Unconnected wire endpoint
    ; warning
    @(351.79 mm, 74.93 mm): Vertical Wire, length 21.59 mm
[isolated_pin_label]: Label connected to only one pin
    ; warning
    @(285.75 mm, 222.25 mm): Global Label 'PCAP04_2_INT'
[unconnected_wire_endpoint]: Unconnected wire endpoint
    ; warning
    @(320.04 mm, 171.45 mm): Vertical Wire, length 27.94 mm
[unconnected_wire_endpoint]: Unconnected wire endpoint
    ; warning
    @(290.83 mm, 187.96 mm): Horizontal Wire, length 41.91 mm
[unconnected_wire_endpoint]: Unconnected wire endpoint
    ; warning
    @(332.74 mm, 191.77 mm): Horizontal Wire, length 2.54 mm
[unconnected_wire_endpoint]: Unconnected wire endpoint
    ; warning
    @(303.53 mm, 195.58 mm): Horizontal Wire, length 29.21 mm
[unconnected_wire_endpoint]: Unconnected wire endpoint
    ; warning
    @(320.04 mm, 199.39 mm): Horizontal Wire, length 12.70 mm
[unconnected_wire_endpoint]: Unconnected wire endpoint
    ; warning
    @(320.04 mm, 207.01 mm): Vertical Wire, length 19.05 mm
[unconnected_wire_endpoint]: Unconnected wire endpoint
    ; warning
    @(320.04 mm, 207.01 mm): Horizontal Wire, length 12.70 mm
[unconnected_wire_endpoint]: Unconnected wire endpoint
    ; warning
    @(320.04 mm, 231.14 mm): Vertical Wire, length 2.54 mm
[unconnected_wire_endpoint]: Unconnected wire endpoint
    ; warning
    @(285.75 mm, 214.63 mm): Horizontal Wire, length 46.99 mm
[lib_symbol_issues]: Symbol 'Power/PWR/GND' not found in symbol library 'sldrnrd'
    ; warning
    @(320.04 mm, 233.68 mm): Symbol #PWR0121 [Power/PWR/GND]
[unconnected_wire_endpoint]: Unconnected wire endpoint
    ; warning
    @(285.75 mm, 218.44 mm): Horizontal Wire, length 46.99 mm
[unconnected_wire_endpoint]: Unconnected wire endpoint
    ; warning
    @(285.75 mm, 222.25 mm): Horizontal Wire, length 46.99 mm
[unconnected_wire_endpoint]: Unconnected wire endpoint
    ; warning
    @(330.20 mm, 191.77 mm): Vertical Wire, length 41.91 mm
[lib_symbol_issues]: Symbol 'Power/PWR/VCC' not found in symbol library 'sldrnrd'
    ; warning
    @(62.23 mm, 76.20 mm): Symbol #PWR042 [Power/PWR/VCC]
[isolated_pin_label]: Label connected to only one pin
    ; warning
    @(158.75 mm, 82.55 mm): Global Label 'SWO'
[isolated_pin_label]: Label connected to only one pin
    ; warning
    @(113.03 mm, 143.51 mm): Global Label 'PCAP04_2_SCL'
[lib_symbol_issues]: Symbol 'Power/PWR/GND' not found in symbol library 'sldrnrd'
    ; warning
    @(52.07 mm, 179.07 mm): Symbol #PWR041 [Power/PWR/GND]
[isolated_pin_label]: Label connected to only one pin
    ; warning
    @(113.03 mm, 151.13 mm): Global Label 'PCAP04_2_P3'
[lib_symbol_issues]: Symbol 'Power/PWR/GND' not found in symbol library 'sldrnrd'
    ; warning
    @(62.23 mm, 179.07 mm): Symbol #PWR043 [Power/PWR/GND]
[isolated_pin_label]: Label connected to only one pin
    ; warning
    @(113.03 mm, 154.94 mm): Global Label 'PCAP04_2_P2'
[lib_symbol_issues]: Symbol 'Power/PWR/GND' not found in symbol library 'sldrnrd'
    ; warning
    @(71.12 mm, 179.07 mm): Symbol #PWR044 [Power/PWR/GND]
[lib_symbol_issues]: Symbol 'Power/PWR/GND' not found in symbol library 'sldrnrd'
    ; warning
    @(81.28 mm, 179.07 mm): Symbol #PWR045 [Power/PWR/GND]
[lib_symbol_issues]: Symbol 'Power/PWR/GND' not found in symbol library 'sldrnrd'
    ; warning
    @(116.84 mm, 179.07 mm): Symbol #PWR046 [Power/PWR/GND]
[isolated_pin_label]: Label connected to only one pin
    ; warning
    @(135.89 mm, 172.72 mm): Global Label 'PCAP04_2_INT'
[isolated_pin_label]: Label connected to only one pin
    ; warning
    @(147.32 mm, 172.72 mm): Global Label 'SCL3300_CS'
[isolated_pin_label]: Label connected to only one pin
    ; warning
    @(151.13 mm, 172.72 mm): Global Label 'SCL3300_SCK'
[isolated_pin_label]: Label connected to only one pin
    ; warning
    @(205.74 mm, 105.41 mm): Global Label 'SWCLK'
[isolated_pin_label]: Label connected to only one pin
    ; warning
    @(154.94 mm, 172.72 mm): Global Label 'SCL3300_MISO'
[isolated_pin_label]: Label connected to only one pin
    ; warning
    @(205.74 mm, 109.22 mm): Global Label 'SWDIO'
[isolated_pin_label]: Label connected to only one pin
    ; warning
    @(158.75 mm, 172.72 mm): Global Label 'SCL3300_MOSI'
[isolated_pin_label]: Label connected to only one pin
    ; warning
    @(205.74 mm, 120.65 mm): Global Label 'TEMP_SENSE_EXT'
[isolated_pin_label]: Label connected to only one pin
    ; warning
    @(205.74 mm, 124.46 mm): Global Label 'DEBUG_UART_PC_TO_MCU'
[isolated_pin_label]: Label connected to only one pin
    ; warning
    @(205.74 mm, 128.27 mm): Global Label 'DEBUG_UART_MCU_TO_PC'
[isolated_pin_label]: Label connected to only one pin
    ; warning
    @(205.74 mm, 139.70 mm): Global Label 'PCAP04_1_INT'
[isolated_pin_label]: Label connected to only one pin
    ; warning
    @(205.74 mm, 143.51 mm): Global Label 'PCAP04_1_P2'
[isolated_pin_label]: Label connected to only one pin
    ; warning
    @(205.74 mm, 147.32 mm): Global Label 'PCAP04_1_P3'
[lib_symbol_issues]: Symbol 'Power/PWR/GND' not found in symbol library 'sldrnrd'
    ; warning
    @(295.91 mm, 154.94 mm): Symbol #PWR047 [Power/PWR/GND]
[lib_symbol_issues]: Symbol 'Power/PWR/3V3' not found in symbol library 'sldrnrd'
    ; warning
    @(373.38 mm, 111.76 mm): Symbol #PWR049 [Power/PWR/3V3]
[lib_symbol_issues]: Symbol 'Power/PWR/GND' not found in symbol library 'sldrnrd'
    ; warning
    @(361.95 mm, 154.94 mm): Symbol #PWR048 [Power/PWR/GND]
[lib_symbol_issues]: Symbol 'Power/PWR/GND' not found in symbol library 'sldrnrd'
    ; warning
    @(373.38 mm, 154.94 mm): Symbol #PWR050 [Power/PWR/GND]
[lib_symbol_issues]: Symbol 'Power/PWR/5V0' not found in symbol library 'sldrnrd'
    ; warning
    @(101.60 mm, 45.72 mm): Symbol #PWR062 [Power/PWR/5V0]
[lib_symbol_issues]: Symbol 'Power/PWR/GND' not found in symbol library 'sldrnrd'
    ; warning
    @(66.04 mm, 91.44 mm): Symbol #PWR054 [Power/PWR/GND]
[lib_symbol_issues]: Symbol 'Power/PWR/GND' not found in symbol library 'sldrnrd'
    ; warning
    @(95.25 mm, 91.44 mm): Symbol #PWR061 [Power/PWR/GND]
[lib_symbol_issues]: Symbol 'Power/PWR/GND' not found in symbol library 'sldrnrd'
    ; warning
    @(101.60 mm, 91.44 mm): Symbol #PWR063 [Power/PWR/GND]
[lib_symbol_issues]: Symbol 'Power/PWR/3V3' not found in symbol library 'sldrnrd'
    ; warning
    @(85.09 mm, 138.43 mm): Symbol #PWR056 [Power/PWR/3V3]
[lib_symbol_issues]: Symbol 'Power/PWR/3V3' not found in symbol library 'sldrnrd'
    ; warning
    @(92.71 mm, 138.43 mm): Symbol #PWR058 [Power/PWR/3V3]
[lib_symbol_issues]: Symbol 'Power/PWR/5V0' not found in symbol library 'sldrnrd'
    ; warning
    @(171.45 mm, 44.45 mm): Symbol #PWR071 [Power/PWR/5V0]
[lib_symbol_issues]: Symbol 'Power/PWR/3V3' not found in symbol library 'sldrnrd'
    ; warning
    @(121.92 mm, 135.89 mm): Symbol #PWR065 [Power/PWR/3V3]
[lib_symbol_issues]: The current configuration does not include the symbol library 'power'
    ; warning
    @(60.96 mm, 181.61 mm): Symbol #PWR052 [GND]
[lib_symbol_issues]: Symbol 'Power/PWR/GND' not found in symbol library 'sldrnrd'
    ; warning
    @(171.45 mm, 90.17 mm): Symbol #PWR072 [Power/PWR/GND]
[lib_symbol_issues]: The current configuration does not include the symbol library 'power'
    ; warning
    @(68.58 mm, 181.61 mm): Symbol #PWR055 [GND]
[lib_symbol_issues]: Symbol 'Power/PWR/GND' not found in symbol library 'sldrnrd'
    ; warning
    @(180.34 mm, 90.17 mm): Symbol #PWR073 [Power/PWR/GND]
[lib_symbol_issues]: The current configuration does not include the symbol library 'power'
    ; warning
    @(90.17 mm, 182.88 mm): Symbol #PWR057 [GND]
[lib_symbol_issues]: Symbol 'Power/PWR/GND' not found in symbol library 'sldrnrd'
    ; warning
    @(195.58 mm, 90.17 mm): Symbol #PWR075 [Power/PWR/GND]
[lib_symbol_issues]: The current configuration does not include the symbol library 'power'
    ; warning
    @(121.92 mm, 182.88 mm): Symbol #PWR066 [GND]
[lib_symbol_issues]: Symbol 'Power/PWR/GND' not found in symbol library 'sldrnrd'
    ; warning
    @(201.93 mm, 90.17 mm): Symbol #PWR078 [Power/PWR/GND]
[lib_symbol_issues]: The current configuration does not include the symbol library 'power'
    ; warning
    @(137.16 mm, 182.88 mm): Symbol #PWR068 [GND]
[lib_symbol_issues]: Symbol 'Power/PWR/3V3' not found in symbol library 'sldrnrd'
    ; warning
    @(92.71 mm, 229.87 mm): Symbol #PWR059 [Power/PWR/3V3]
[lib_symbol_issues]: Symbol 'Power/PWR/3V3' not found in symbol library 'sldrnrd'
    ; warning
    @(217.17 mm, 138.43 mm): Symbol #PWR081 [Power/PWR/3V3]
[lib_symbol_issues]: Symbol 'Power/PWR/3V3' not found in symbol library 'sldrnrd'
    ; warning
    @(224.79 mm, 138.43 mm): Symbol #PWR083 [Power/PWR/3V3]
[lib_symbol_issues]: The current configuration does not include the symbol library 'power'
    ; warning
    @(193.04 mm, 181.61 mm): Symbol #PWR074 [GND]
[lib_symbol_issues]: Symbol 'Power/PWR/3V3' not found in symbol library 'sldrnrd'
    ; warning
    @(139.70 mm, 229.87 mm): Symbol #PWR069 [Power/PWR/3V3]
[lib_symbol_issues]: The current configuration does not include the symbol library 'power'
    ; warning
    @(200.66 mm, 181.61 mm): Symbol #PWR076 [GND]
[lib_symbol_issues]: Symbol 'Power/PWR/3V3' not found in symbol library 'sldrnrd'
    ; warning
    @(147.32 mm, 229.87 mm): Symbol #PWR070 [Power/PWR/3V3]
[lib_symbol_issues]: Symbol 'Power/PWR/GND' not found in symbol library 'sldrnrd'
    ; warning
    @(46.99 mm, 270.51 mm): Symbol #PWR051 [Power/PWR/GND]
[lib_symbol_issues]: Symbol 'Power/PWR/GND' not found in symbol library 'sldrnrd'
    ; warning
    @(60.96 mm, 270.51 mm): Symbol #PWR053 [Power/PWR/GND]
[lib_symbol_issues]: Symbol 'Power/PWR/GND' not found in symbol library 'sldrnrd'
    ; warning
    @(92.71 mm, 270.51 mm): Symbol #PWR060 [Power/PWR/GND]
[lib_symbol_issues]: Symbol 'Power/PWR/GND' not found in symbol library 'sldrnrd'
    ; warning
    @(275.59 mm, 82.55 mm): Symbol #PWR088 [Power/PWR/GND]
[lib_symbol_issues]: The current configuration does not include the symbol library 'power'
    ; warning
    @(222.25 mm, 182.88 mm): Symbol #PWR082 [GND]
[lib_symbol_issues]: Symbol 'Power/PWR/GND' not found in symbol library 'sldrnrd'
    ; warning
    @(101.60 mm, 270.51 mm): Symbol #PWR064 [Power/PWR/GND]
[lib_symbol_issues]: Symbol 'Power/PWR/3V3' not found in symbol library 'sldrnrd'
    ; warning
    @(256.54 mm, 137.16 mm): Symbol #PWR086 [Power/PWR/3V3]
[lib_symbol_issues]: Symbol 'Power/PWR/GND' not found in symbol library 'sldrnrd'
    ; warning
    @(133.35 mm, 270.51 mm): Symbol #PWR067 [Power/PWR/GND]
[lib_symbol_issues]: Symbol 'Power/PWR/3V3' not found in symbol library 'sldrnrd'
    ; warning
    @(212.09 mm, 228.60 mm): Symbol #PWR079 [Power/PWR/3V3]
[lib_symbol_issues]: The current configuration does not include the symbol library 'power'
    ; warning
    @(252.73 mm, 182.88 mm): Symbol #PWR085 [GND]
[lib_symbol_issues]: The current configuration does not include the symbol library 'power'
    ; warning
    @(270.51 mm, 182.88 mm): Symbol #PWR087 [GND]
[lib_symbol_issues]: Symbol 'Power/PWR/GND' not found in symbol library 'sldrnrd'
    ; warning
    @(200.66 mm, 271.78 mm): Symbol #PWR077 [Power/PWR/GND]
[lib_symbol_issues]: Symbol 'Power/PWR/5V0' not found in symbol library 'sldrnrd'
    ; warning
    @(337.82 mm, 48.26 mm): Symbol #PWR090 [Power/PWR/5V0]
[lib_symbol_issues]: Symbol 'Power/PWR/GND' not found in symbol library 'sldrnrd'
    ; warning
    @(212.09 mm, 271.78 mm): Symbol #PWR080 [Power/PWR/GND]
[lib_symbol_issues]: Symbol 'Power/PWR/GND' not found in symbol library 'sldrnrd'
    ; warning
    @(337.82 mm, 77.47 mm): Symbol #PWR091 [Power/PWR/GND]
[lib_symbol_issues]: Symbol 'Power/PWR/GND' not found in symbol library 'sldrnrd'
    ; warning
    @(344.17 mm, 77.47 mm): Symbol #PWR092 [Power/PWR/GND]
[lib_symbol_issues]: Symbol 'Power/PWR/GND' not found in symbol library 'sldrnrd'
    ; warning
    @(238.76 mm, 271.78 mm): Symbol #PWR084 [Power/PWR/GND]
[lib_symbol_issues]: The current configuration does not include the symbol library 'power'
    ; warning
    @(335.28 mm, 182.88 mm): Symbol #PWR089 [GND]
[unconnected_wire_endpoint]: Unconnected wire endpoint
    ; warning
    @(372.11 mm, 63.50 mm): Horizontal Wire, length 8.89 mm
[lib_symbol_issues]: Symbol 'Power/PWR/3V3' not found in symbol library 'sldrnrd'
    ; warning
    @(364.49 mm, 143.51 mm): Symbol #PWR093 [Power/PWR/3V3]
[lib_symbol_issues]: The current configuration does not include the symbol library 'power'
    ; warning
    @(364.49 mm, 182.88 mm): Symbol #PWR094 [GND]

***** Sheet /Power Supply/
[power_pin_not_driven]: Input Power pin not driven by any Output Power pins
    ; error
    @(91.44 mm, 53.34 mm): Symbol #PWR01 Pin 1 [Power input, Line]
[pin_not_connected]: Pin not connected
    ; error
    @(201.93 mm, 87.63 mm): Symbol Q2 Pin 1 [D, Unspecified, Line]
[pin_not_connected]: Pin not connected
    ; error
    @(223.52 mm, 66.04 mm): Symbol U1 Pin 4 [TD, Unspecified, Line]
[pin_not_connected]: Pin not connected
    ; error
    @(219.71 mm, 87.63 mm): Symbol Q2 Pin 8 [D, Unspecified, Line]
[power_pin_not_driven]: Input Power pin not driven by any Output Power pins
    ; error
    @(325.12 mm, 50.80 mm): Symbol #PWR013 Pin 1 [Power input, Line]
[power_pin_not_driven]: Input Power pin not driven by any Output Power pins
    ; error
    @(400.05 mm, 167.64 mm): Symbol #PWR026 Pin 1 [Power input, Line]
[pin_to_pin]: Pins of type Unspecified and Unspecified are connected
    ; warning
    @(53.34 mm, 73.66 mm): Symbol J1 Pin 1 [1, Unspecified, Line]
    @(68.58 mm, 73.66 mm): Symbol Q1 Pin 3 [D, Unspecified, Line]
[pin_to_pin]: Pins of type Unspecified and Passive are connected
    ; warning
    @(53.34 mm, 76.20 mm): Symbol J1 Pin 2 [2, Unspecified, Line]
    @(78.74 mm, 96.52 mm): Symbol R1 Pin 1 [Passive, Line]
[pin_to_pin]: Pins of type Unspecified and Power input are connected
    ; warning
    @(88.90 mm, 73.66 mm): Symbol Q1 Pin 2 [S, Unspecified, Line]
    @(91.44 mm, 53.34 mm): Symbol #PWR01 Pin 1 [Power input, Line]
[pin_to_pin]: Pins of type Unspecified and Passive are connected
    ; warning
    @(78.74 mm, 86.36 mm): Symbol Q1 Pin 1 [G, Unspecified, Line]
    @(78.74 mm, 88.90 mm): Symbol R1 Pin 2 [Passive, Line]
[same_local_global_label]: Local and global labels have same name
    ; warning
    @(92.71 mm, 106.68 mm): Global Label 'BAT+'
    @(60.96 mm, 73.66 mm): Label 'BAT+'
[pin_to_pin]: Pins of type Unspecified and Passive are connected
    ; warning
    @(198.12 mm, 63.50 mm): Symbol U1 Pin 2 [CSI, Unspecified, Line]
    @(186.69 mm, 77.47 mm): Symbol R2 Pin 1 [Passive, Line]
[pin_to_pin]: Pins of type Unspecified and Unspecified are connected
    ; warning
    @(201.93 mm, 90.17 mm): Symbol Q2 Pin 2 [S1, Unspecified, Line]
    @(201.93 mm, 92.71 mm): Symbol Q2 Pin 3 [S1, Unspecified, Line]
[pin_to_pin]: Pins of type Unspecified and Unspecified are connected
    ; warning
    @(201.93 mm, 92.71 mm): Symbol Q2 Pin 3 [S1, Unspecified, Line]
    @(223.52 mm, 60.96 mm): Symbol U1 Pin 6 [VSS, Unspecified, Line]
[pin_to_pin]: Pins of type Unspecified and Unspecified are connected
    ; warning
    @(201.93 mm, 95.25 mm): Symbol Q2 Pin 4 [G1, Unspecified, Line]
    @(198.12 mm, 60.96 mm): Symbol U1 Pin 1 [OD, Unspecified, Line]
[pin_to_pin]: Pins of type Unspecified and Passive are connected
    ; warning
    @(223.52 mm, 60.96 mm): Symbol U1 Pin 6 [VSS, Unspecified, Line]
    @(234.95 mm, 71.12 mm): Symbol C3 Pin 2 [Passive, Line]
[pin_to_pin]: Pins of type Unspecified and Passive are connected
    ; warning
    @(223.52 mm, 63.50 mm): Symbol U1 Pin 5 [VDD, Unspecified, Line]
    @(234.95 mm, 66.04 mm): Symbol C3 Pin 1 [Passive, Line]
[pin_to_pin]: Pins of type Unspecified and Power input are connected
    ; warning
    @(219.71 mm, 90.17 mm): Symbol Q2 Pin 7 [S2, Unspecified, Line]
    @(236.22 mm, 105.41 mm): Symbol #PWR09 Pin 1 [Power input, Line]
[pin_to_pin]: Pins of type Unspecified and Unspecified are connected
    ; warning
    @(219.71 mm, 92.71 mm): Symbol Q2 Pin 6 [S2, Unspecified, Line]
    @(219.71 mm, 90.17 mm): Symbol Q2 Pin 7 [S2, Unspecified, Line]
[pin_to_pin]: Pins of type Unspecified and Unspecified are connected
    ; warning
    @(219.71 mm, 95.25 mm): Symbol Q2 Pin 5 [G2, Unspecified, Line]
    @(198.12 mm, 66.04 mm): Symbol U1 Pin 3 [OC, Unspecified, Line]
[pin_to_pin]: Pins of type Unspecified and Unspecified are connected
    ; warning
    @(205.74 mm, 186.69 mm): Symbol U2 Pin 1 [IN, Unspecified, Line]
    @(205.74 mm, 191.77 mm): Symbol U2 Pin 3 [EN, Unspecified, Line]
[pin_to_pin]: Pins of type Unspecified and Passive are connected
    ; warning
    @(205.74 mm, 189.23 mm): Symbol U2 Pin 2 [GND, Unspecified, Line]
    @(195.58 mm, 203.20 mm): Symbol C1 Pin 2 [Passive, Line]
[pin_to_pin]: Pins of type Unspecified and Passive are connected
    ; warning
    @(205.74 mm, 191.77 mm): Symbol U2 Pin 3 [EN, Unspecified, Line]
    @(195.58 mm, 198.12 mm): Symbol C1 Pin 1 [Passive, Line]
[pin_to_pin]: Pins of type Unspecified and Power input are connected
    ; warning
    @(226.06 mm, 186.69 mm): Symbol U2 Pin 5 [OUT, Unspecified, Line]
    @(229.87 mm, 180.34 mm): Symbol #PWR06 Pin 1 [Power input, Line]
[pin_to_pin]: Pins of type Unspecified and Passive are connected
    ; warning
    @(240.03 mm, 186.69 mm): Symbol Q3 Pin 2 [S, Unspecified, Line]
    @(237.49 mm, 198.12 mm): Symbol C4 Pin 1 [Passive, Line]
[pin_to_pin]: Pins of type Unspecified and Bidirectional are connected
    ; warning
    @(250.19 mm, 199.39 mm): Symbol Q3 Pin 1 [G, Unspecified, Line]
    @(200.66 mm, 135.89 mm): Symbol U6 Pin 38 [PC6, Bidirectional, Line]
[pin_to_pin]: Pins of type Unspecified and Power input are connected
    ; warning
    @(260.35 mm, 186.69 mm): Symbol Q3 Pin 3 [D, Unspecified, Line]
    @(269.24 mm, 180.34 mm): Symbol #PWR011 Pin 1 [Power input, Line]
[pin_to_pin]: Pins of type Unspecified and Unspecified are connected
    ; warning
    @(337.82 mm, 77.47 mm): Symbol U3 Pin 1 [TEMP, Unspecified, Line]
    @(337.82 mm, 82.55 mm): Symbol U3 Pin 3 [GND, Unspecified, Line]
[pin_to_pin]: Pins of type Unspecified and Passive are connected
    ; warning
    @(337.82 mm, 80.01 mm): Symbol U3 Pin 2 [PROG, Unspecified, Line]
    @(317.50 mm, 80.01 mm): Symbol R4 Pin 2 [Passive, Line]
[pin_to_pin]: Pins of type Unspecified and Passive are connected
    ; warning
    @(337.82 mm, 82.55 mm): Symbol U3 Pin 3 [GND, Unspecified, Line]
    @(325.12 mm, 95.25 mm): Symbol C5 Pin 2 [Passive, Line]
[pin_to_pin]: Pins of type Unspecified and Passive are connected
    ; warning
    @(337.82 mm, 85.09 mm): Symbol U3 Pin 4 [VCC, Unspecified, Line]
    @(325.12 mm, 90.17 mm): Symbol C5 Pin 1 [Passive, Line]
[pin_to_pin]: Pins of type Unspecified and Passive are connected
    ; warning
    @(363.22 mm, 74.93 mm): Symbol U3 Pin 9 [EP, Unspecified, Line]
    @(373.38 mm, 95.25 mm): Symbol C7 Pin 2 [Passive, Line]
[pin_to_pin]: Pins of type Unspecified and Passive are connected
    ; warning
    @(363.22 mm, 77.47 mm): Symbol U3 Pin 8 [CE, Unspecified, Line]
    @(386.08 mm, 62.23 mm): Symbol R5 Pin 2 [Passive, Line]
[pin_to_pin]: Pins of type Unspecified and Passive are connected
    ; warning
    @(363.22 mm, 80.01 mm): Symbol U3 Pin 7 [~{CHRG}, Unspecified, Line]
    @(411.48 mm, 72.39 mm): Symbol R6 Pin 2 [Passive, Line]
[pin_to_pin]: Pins of type Unspecified and Passive are connected
    ; warning
    @(363.22 mm, 82.55 mm): Symbol U3 Pin 6 [~{STDBY}, Unspecified, Line]
    @(420.37 mm, 72.39 mm): Symbol R7 Pin 2 [Passive, Line]
[pin_to_pin]: Pins of type Unspecified and Passive are connected
    ; warning
    @(363.22 mm, 85.09 mm): Symbol U3 Pin 5 [BAT, Unspecified, Line]
    @(373.38 mm, 90.17 mm): Symbol C7 Pin 1 [Passive, Line]
[pin_to_pin]: Pins of type Unspecified and Passive are connected
    ; warning
    @(386.08 mm, 85.09 mm): Symbol Q4 Pin 3 [D, Unspecified, Line]
    @(386.08 mm, 62.23 mm): Symbol R5 Pin 2 [Passive, Line]
[pin_to_pin]: Pins of type Unspecified and Passive are connected
    ; warning
    @(354.33 mm, 185.42 mm): Symbol U4 Pin 1 [IN, Unspecified, Line]
    @(339.09 mm, 196.85 mm): Symbol C6 Pin 1 [Passive, Line]
[pin_to_pin]: Pins of type Unspecified and Power input are connected
    ; warning
    @(386.08 mm, 105.41 mm): Symbol Q4 Pin 2 [S, Unspecified, Line]
    @(386.08 mm, 106.68 mm): Symbol #PWR024 Pin 1 [Power input, Line]
[pin_to_pin]: Pins of type Unspecified and Passive are connected
    ; warning
    @(354.33 mm, 187.96 mm): Symbol U4 Pin 2 [GND, Unspecified, Line]
    @(339.09 mm, 201.93 mm): Symbol C6 Pin 2 [Passive, Line]
[pin_to_pin]: Pins of type Unspecified and Power input are connected
    ; warning
    @(354.33 mm, 190.50 mm): Symbol U4 Pin 3 [EN, Unspecified, Line]
    @(328.93 mm, 167.64 mm): Symbol #PWR015 Pin 1 [Power input, Line]
[pin_to_pin]: Pins of type Unspecified and Bidirectional are connected
    ; warning
    @(398.78 mm, 95.25 mm): Symbol Q4 Pin 1 [G, Unspecified, Line]
    @(162.56 mm, 86.36 mm): Symbol U6 Pin 56 [PD6, Bidirectional, Line]
[pin_to_pin]: Pins of type Unspecified and Passive are connected
    ; warning
    @(374.65 mm, 185.42 mm): Symbol U4 Pin 5 [OUT, Unspecified, Line]
    @(388.62 mm, 196.85 mm): Symbol C8 Pin 1 [Passive, Line]
[no_connect_connected]: A pin with a "no connection" flag is connected
    ; warning
    @(420.37 mm, 72.39 mm): Symbol R7 Pin 2 [Passive, Line]
    @(363.22 mm, 82.55 mm): No Connect
[pin_to_pin]: Pins of type Unspecified and Passive are connected
    ; warning
    @(483.87 mm, 82.55 mm): Symbol Q5 Pin 3 [D, Unspecified, Line]
    @(483.87 mm, 80.01 mm): Symbol R9 Pin 2 [Passive, Line]
[pin_to_pin]: Pins of type Unspecified and Power input are connected
    ; warning
    @(483.87 mm, 102.87 mm): Symbol Q5 Pin 2 [S, Unspecified, Line]
    @(483.87 mm, 105.41 mm): Symbol #PWR035 Pin 1 [GND, Power input, Line]
[pin_to_pin]: Pins of type Unspecified and Power input are connected
    ; warning
    @(496.57 mm, 92.71 mm): Symbol Q5 Pin 1 [G, Unspecified, Line]
    @(508.00 mm, 53.34 mm): Symbol #PWR036 Pin 1 [Power input, Line]
[pin_to_pin]: Pins of type Unspecified and Passive are connected
    ; warning
    @(492.76 mm, 179.07 mm): Symbol U5 Pin 1 [VOUT, Unspecified, Line]
    @(476.25 mm, 191.77 mm): Symbol C11 Pin 1 [Passive, Line]
[pin_to_pin]: Pins of type Unspecified and Passive are connected
    ; warning
    @(492.76 mm, 181.61 mm): Symbol U5 Pin 2 [GND, Unspecified, Line]
    @(476.25 mm, 196.85 mm): Symbol C11 Pin 2 [Passive, Line]
[pin_to_pin]: Pins of type Unspecified and Bidirectional are connected
    ; warning
    @(492.76 mm, 184.15 mm): Symbol U5 Pin 3 [EN, Unspecified, Line]
    @(200.66 mm, 132.08 mm): Symbol U6 Pin 39 [PC7, Bidirectional, Line]
[pin_to_pin]: Pins of type Unspecified and Passive are connected
    ; warning
    @(518.16 mm, 179.07 mm): Symbol U5 Pin 6 [C+, Unspecified, Line]
    @(543.56 mm, 179.07 mm): Symbol C15 Pin 1 [Passive, Line]
[pin_to_pin]: Pins of type Unspecified and Passive are connected
    ; warning
    @(518.16 mm, 181.61 mm): Symbol U5 Pin 5 [VIN, Unspecified, Line]
    @(523.24 mm, 191.77 mm): Symbol C12 Pin 1 [Passive, Line]
[pin_to_pin]: Pins of type Unspecified and Passive are connected
    ; warning
    @(518.16 mm, 184.15 mm): Symbol U5 Pin 4 [C-, Unspecified, Line]
    @(543.56 mm, 184.15 mm): Symbol C15 Pin 2 [Passive, Line]

***** Sheet /MCU & BLE/
[power_pin_not_driven]: Input Power pin not driven by any Output Power pins
    ; error
    @(120.65 mm, 116.84 mm): Symbol U6 Pin 6 [VBAT, Power input, Line]
[pin_not_driven]: Input pin not driven by any Output pins
    ; error
    @(200.66 mm, 105.41 mm): Symbol U6 Pin 46 [PA14, Input, Line]
[pin_not_connected]: Pin not connected
    ; error
    @(181.61 mm, 166.37 mm): Symbol U6 Pin 30 [PB10, Bidirectional, Line]
[pin_not_connected]: Pin not connected
    ; error
    @(303.53 mm, 118.11 mm): Symbol U7 Pin 1 [NC, Unspecified, Line]
[pin_not_connected]: Pin not connected
    ; error
    @(303.53 mm, 125.73 mm): Symbol U7 Pin 3 [P1_2, Unspecified, Line]
[pin_not_connected]: Pin not connected
    ; error
    @(303.53 mm, 129.54 mm): Symbol U7 Pin 4 [P1_3, Unspecified, Line]
[pin_not_connected]: Pin not connected
    ; error
    @(331.47 mm, 121.92 mm): Symbol U7 Pin 15 [P2_7, Unspecified, Line]
[pin_not_connected]: Pin not connected
    ; error
    @(331.47 mm, 137.16 mm): Symbol U7 Pin 11 [P0_0, Unspecified, Line]
[pin_to_pin]: Pins of type Unspecified and Unspecified are connected
    ; warning
    @(303.53 mm, 121.92 mm): Symbol U7 Pin 2 [GND, Unspecified, Line]
    @(331.47 mm, 129.54 mm): Symbol U7 Pin 13 [GND, Unspecified, Line]
[pin_to_pin]: Pins of type Unspecified and Bidirectional are connected
    ; warning
    @(303.53 mm, 133.35 mm): Symbol U7 Pin 5 [P1_7, Unspecified, Line]
    @(151.13 mm, 86.36 mm): Symbol U6 Pin 59 [PB5, Bidirectional, Line]
[pin_to_pin]: Pins of type Unspecified and Bidirectional are connected
    ; warning
    @(303.53 mm, 137.16 mm): Symbol U7 Pin 6 [P1_6, Unspecified, Line]
    @(120.65 mm, 105.41 mm): Symbol U6 Pin 3 [PC13, Bidirectional, Line]
[pin_to_pin]: Pins of type Unspecified and Bidirectional are connected
    ; warning
    @(303.53 mm, 140.97 mm): Symbol U7 Pin 7 [UART_RX, Unspecified, Line]
    @(139.70 mm, 86.36 mm): Symbol U6 Pin 62 [PB8, Bidirectional, Line]
[pin_to_pin]: Pins of type Unspecified and Bidirectional are connected
    ; warning
    @(303.53 mm, 144.78 mm): Symbol U7 Pin 8 [UART_TX, Unspecified, Line]
    @(135.89 mm, 86.36 mm): Symbol U6 Pin 63 [PB9, Bidirectional, Line]
[pin_to_pin]: Pins of type Unspecified and Bidirectional are connected
    ; warning
    @(331.47 mm, 118.11 mm): Symbol U7 Pin 16 [P2_0, Unspecified, Line]
    @(120.65 mm, 97.79 mm): Symbol U6 Pin 1 [PC11, Bidirectional, Line]
[pin_to_pin]: Pins of type Unspecified and Power input are connected
    ; warning
    @(331.47 mm, 125.73 mm): Symbol U7 Pin 14 [VBAT, Unspecified, Line]
    @(373.38 mm, 111.76 mm): Symbol #PWR049 Pin 1 [Power input, Line]
[pin_to_pin]: Pins of type Unspecified and Power input are connected
    ; warning
    @(331.47 mm, 129.54 mm): Symbol U7 Pin 13 [GND, Unspecified, Line]
    @(361.95 mm, 154.94 mm): Symbol #PWR048 Pin 1 [Power input, Line]
[pin_to_pin]: Pins of type Unspecified and Bidirectional are connected
    ; warning
    @(331.47 mm, 133.35 mm): Symbol U7 Pin 12 [P0_2, Unspecified, Line]
    @(154.94 mm, 86.36 mm): Symbol U6 Pin 58 [PB4, Bidirectional, Line]
[pin_to_pin]: Pins of type Unspecified and Bidirectional are connected
    ; warning
    @(331.47 mm, 140.97 mm): Symbol U7 Pin 10 [RST_N, Unspecified, Line]
    @(120.65 mm, 101.60 mm): Symbol U6 Pin 2 [PC12, Bidirectional, Line]
[pin_to_pin]: Pins of type Unspecified and Bidirectional are connected
    ; warning
    @(331.47 mm, 144.78 mm): Symbol U7 Pin 9 [P3_6, Unspecified, Line]
    @(132.08 mm, 86.36 mm): Symbol U6 Pin 64 [PC10, Bidirectional, Line]

***** Sheet /UI & Peripherals/
[pin_not_driven]: Input pin not driven by any Output pins
    ; error
    @(207.01 mm, 43.18 mm): Symbol DS1 Pin 1 [SCLK, Input, Line]
[pin_not_driven]: Input pin not driven by any Output pins
    ; error
    @(207.01 mm, 46.99 mm): Symbol DS1 Pin 2 [SI, Input, Line]
[pin_not_driven]: Input pin not driven by any Output pins
    ; error
    @(207.01 mm, 50.80 mm): Symbol DS1 Pin 3 [SCS, Input, Line]
[pin_not_driven]: Input pin not driven by any Output pins
    ; error
    @(207.01 mm, 54.61 mm): Symbol DS1 Pin 4 [EXTCOMIN, Input, Line]
[power_pin_not_driven]: Input Power pin not driven by any Output Power pins
    ; error
    @(207.01 mm, 62.23 mm): Symbol DS1 Pin 6 [VDDA, Power input, Line]
[power_pin_not_driven]: Input Power pin not driven by any Output Power pins
    ; error
    @(207.01 mm, 73.66 mm): Symbol DS1 Pin 9 [VSS, Power input, Line]
[power_pin_not_driven]: Input Power pin not driven by any Output Power pins
    ; error
    @(105.41 mm, 259.08 mm): Symbol U9 Pin 8 [VCC, Power input, Line]
[pin_to_pin]: Pins of type Unspecified and Unspecified are connected
    ; warning
    @(69.85 mm, 52.07 mm): Symbol U8 Pin 1 [~{1OE}, Unspecified, Line]
    @(69.85 mm, 74.93 mm): Symbol U8 Pin 10 [GND, Unspecified, Line]
[pin_to_pin]: Pins of type Unspecified and Bidirectional are connected
    ; warning
    @(69.85 mm, 54.61 mm): Symbol U8 Pin 2 [1A1, Unspecified, Line]
    @(177.80 mm, 86.36 mm): Symbol U6 Pin 52 [PD2, Bidirectional, Line]
[pin_to_pin]: Pins of type Unspecified and Input are connected
    ; warning
    @(69.85 mm, 57.15 mm): Symbol U8 Pin 3 [2Y4, Unspecified, Line]
    @(207.01 mm, 43.18 mm): Symbol DS1 Pin 1 [SCLK, Input, Line]
[pin_to_pin]: Pins of type Unspecified and Bidirectional are connected
    ; warning
    @(69.85 mm, 59.69 mm): Symbol U8 Pin 4 [1A2, Unspecified, Line]
    @(173.99 mm, 86.36 mm): Symbol U6 Pin 53 [PD3, Bidirectional, Line]
[pin_to_pin]: Pins of type Unspecified and Unspecified are connected
    ; warning
    @(69.85 mm, 62.23 mm): Symbol U8 Pin 5 [2Y3, Unspecified, Line]
    @(69.85 mm, 67.31 mm): Symbol U8 Pin 7 [2Y2, Unspecified, Line]
[pin_to_pin]: Pins of type Unspecified and Bidirectional are connected
    ; warning
    @(69.85 mm, 64.77 mm): Symbol U8 Pin 6 [1A3, Unspecified, Line]
    @(185.42 mm, 86.36 mm): Symbol U6 Pin 50 [PD0, Bidirectional, Line]
[pin_to_pin]: Pins of type Unspecified and Unspecified are connected
    ; warning
    @(69.85 mm, 67.31 mm): Symbol U8 Pin 7 [2Y2, Unspecified, Line]
    @(69.85 mm, 72.39 mm): Symbol U8 Pin 9 [2Y1, Unspecified, Line]
[pin_to_pin]: Pins of type Unspecified and Bidirectional are connected
    ; warning
    @(69.85 mm, 69.85 mm): Symbol U8 Pin 8 [1A4, Unspecified, Line]
    @(170.18 mm, 86.36 mm): Symbol U6 Pin 54 [PD4, Bidirectional, Line]
[pin_to_pin]: Pins of type Unspecified and Power input are connected
    ; warning
    @(69.85 mm, 74.93 mm): Symbol U8 Pin 10 [GND, Unspecified, Line]
    @(66.04 mm, 91.44 mm): Symbol #PWR054 Pin 1 [Power input, Line]
[pin_to_pin]: Pins of type Unspecified and Power input are connected
    ; warning
    @(92.71 mm, 52.07 mm): Symbol U8 Pin 20 [VCC, Unspecified, Line]
    @(101.60 mm, 45.72 mm): Symbol #PWR062 Pin 1 [Power input, Line]
[pin_to_pin]: Pins of type Unspecified and Passive are connected
    ; warning
    @(92.71 mm, 54.61 mm): Symbol U8 Pin 19 [~{2OE}, Unspecified, Line]
    @(101.60 mm, 86.36 mm): Symbol C27 Pin 2 [Passive, Line]
[pin_to_pin]: Pins of type Unspecified and Passive are connected
    ; warning
    @(92.71 mm, 57.15 mm): Symbol U8 Pin 18 [1Y1, Unspecified, Line]
    @(195.58 mm, 72.39 mm): Symbol C32 Pin 1 [Passive, Line]
[pin_to_pin]: Pins of type Unspecified and Bidirectional are connected
    ; warning
    @(92.71 mm, 59.69 mm): Symbol U8 Pin 17 [2A4, Unspecified, Line]
    @(181.61 mm, 86.36 mm): Symbol U6 Pin 51 [PD1, Bidirectional, Line]
[pin_to_pin]: Pins of type Unspecified and Input are connected
    ; warning
    @(92.71 mm, 62.23 mm): Symbol U8 Pin 16 [1Y2, Unspecified, Line]
    @(207.01 mm, 54.61 mm): Symbol DS1 Pin 4 [EXTCOMIN, Input, Line]
[pin_to_pin]: Pins of type Unspecified and Bidirectional are connected
    ; warning
    @(92.71 mm, 64.77 mm): Symbol U8 Pin 15 [2A3, Unspecified, Line]
    @(189.23 mm, 86.36 mm): Symbol U6 Pin 49 [PC9, Bidirectional, Line]
[pin_to_pin]: Pins of type Unspecified and Input are connected
    ; warning
    @(92.71 mm, 67.31 mm): Symbol U8 Pin 14 [1Y3, Unspecified, Line]
    @(207.01 mm, 50.80 mm): Symbol DS1 Pin 3 [SCS, Input, Line]
[pin_to_pin]: Pins of type Unspecified and Unspecified are connected
    ; warning
    @(92.71 mm, 69.85 mm): Symbol U8 Pin 13 [2A2, Unspecified, Line]
    @(92.71 mm, 64.77 mm): Symbol U8 Pin 15 [2A3, Unspecified, Line]
[pin_to_pin]: Pins of type Unspecified and Input are connected
    ; warning
    @(92.71 mm, 72.39 mm): Symbol U8 Pin 12 [1Y4, Unspecified, Line]
    @(207.01 mm, 46.99 mm): Symbol DS1 Pin 2 [SI, Input, Line]
[pin_to_pin]: Pins of type Unspecified and Unspecified are connected
    ; warning
    @(92.71 mm, 74.93 mm): Symbol U8 Pin 11 [2A1, Unspecified, Line]
    @(92.71 mm, 69.85 mm): Symbol U8 Pin 13 [2A2, Unspecified, Line]
[pin_to_pin]: Pins of type Unspecified and Passive are connected
    ; warning
    @(96.52 mm, 162.56 mm): Symbol SW1 Pin 1 [A, Unspecified, Line]
    @(92.71 mm, 149.86 mm): Symbol R15 Pin 2 [Passive, Line]
[pin_to_pin]: Pins of type Unspecified and Power input are connected
    ; warning
    @(96.52 mm, 165.10 mm): Symbol SW1 Pin 2 [COM, Unspecified, Line]
    @(90.17 mm, 182.88 mm): Symbol #PWR057 Pin 1 [GND, Power input, Line]
[pin_to_pin]: Pins of type Unspecified and Passive are connected
    ; warning
    @(96.52 mm, 167.64 mm): Symbol SW1 Pin 3 [B, Unspecified, Line]
    @(80.01 mm, 170.18 mm): Symbol R13 Pin 2 [Passive, Line]
[pin_to_pin]: Pins of type Unspecified and Passive are connected
    ; warning
    @(116.84 mm, 162.56 mm): Symbol SW1 Pin 4 [SW1, Unspecified, Line]
    @(125.73 mm, 162.56 mm): Symbol R17 Pin 1 [Passive, Line]
[pin_to_pin]: Pins of type Unspecified and Unspecified are connected
    ; warning
    @(116.84 mm, 165.10 mm): Symbol SW1 Pin 5 [SW2, Unspecified, Line]
    @(116.84 mm, 168.91 mm): Symbol SW1 Pin 6 [PAD1, Unspecified, Line]
[pin_to_pin]: Pins of type Unspecified and Unspecified are connected
    ; warning
    @(116.84 mm, 168.91 mm): Symbol SW1 Pin 6 [PAD1, Unspecified, Line]
    @(116.84 mm, 171.45 mm): Symbol SW1 Pin 7 [PAD2, Unspecified, Line]
[pin_to_pin]: Pins of type Unspecified and Power input are connected
    ; warning
    @(116.84 mm, 171.45 mm): Symbol SW1 Pin 7 [PAD2, Unspecified, Line]
    @(121.92 mm, 182.88 mm): Symbol #PWR066 Pin 1 [GND, Power input, Line]
[pin_to_pin]: Pins of type Unspecified and Unspecified are connected
    ; warning
    @(105.41 mm, 246.38 mm): Symbol U9 Pin 1 [A0, Unspecified, Line]
    @(105.41 mm, 248.92 mm): Symbol U9 Pin 2 [A1, Unspecified, Line]
[pin_to_pin]: Pins of type Unspecified and Unspecified are connected
    ; warning
    @(105.41 mm, 248.92 mm): Symbol U9 Pin 2 [A1, Unspecified, Line]
    @(105.41 mm, 251.46 mm): Symbol U9 Pin 3 [A2, Unspecified, Line]
[pin_to_pin]: Pins of type Unspecified and Power input are connected
    ; warning
    @(105.41 mm, 251.46 mm): Symbol U9 Pin 3 [A2, Unspecified, Line]
    @(101.60 mm, 270.51 mm): Symbol #PWR064 Pin 1 [Power input, Line]
[pin_to_pin]: Pins of type Unspecified and Power input are connected
    ; warning
    @(130.81 mm, 246.38 mm): Symbol U9 Pin 7 [WP, Unspecified, Line]
    @(130.81 mm, 259.08 mm): Symbol U9 Pin 4 [VSS, Power input, Line]
[pin_to_pin]: Pins of type Unspecified and Passive are connected
    ; warning
    @(228.60 mm, 162.56 mm): Symbol SW2 Pin 1 [A, Unspecified, Line]
    @(224.79 mm, 149.86 mm): Symbol R23 Pin 2 [Passive, Line]
[pin_to_pin]: Pins of type Unspecified and Power input are connected
    ; warning
    @(228.60 mm, 165.10 mm): Symbol SW2 Pin 2 [COM, Unspecified, Line]
    @(222.25 mm, 182.88 mm): Symbol #PWR082 Pin 1 [GND, Power input, Line]
[pin_to_pin]: Pins of type Unspecified and Passive are connected
    ; warning
    @(130.81 mm, 251.46 mm): Symbol U9 Pin 6 [SCL, Unspecified, Clock]
    @(147.32 mm, 242.57 mm): Symbol R19 Pin 2 [Passive, Line]
[pin_to_pin]: Pins of type Unspecified and Passive are connected
    ; warning
    @(228.60 mm, 167.64 mm): Symbol SW2 Pin 3 [B, Unspecified, Line]
    @(212.09 mm, 170.18 mm): Symbol R21 Pin 2 [Passive, Line]
[pin_to_pin]: Pins of type Unspecified and Unspecified are connected
    ; warning
    @(279.40 mm, 68.58 mm): Symbol BZ1 Pin 1 [1, Unspecified, Line]
    @(69.85 mm, 67.31 mm): Symbol U8 Pin 7 [2Y2, Unspecified, Line]
[pin_to_pin]: Pins of type Unspecified and Power input are connected
    ; warning
    @(279.40 mm, 71.12 mm): Symbol BZ1 Pin 2 [2, Unspecified, Line]
    @(275.59 mm, 82.55 mm): Symbol #PWR088 Pin 1 [Power input, Line]
[pin_to_pin]: Pins of type Unspecified and Passive are connected
    ; warning
    @(248.92 mm, 162.56 mm): Symbol SW2 Pin 4 [SW1, Unspecified, Line]
    @(259.08 mm, 162.56 mm): Symbol R25 Pin 1 [Passive, Line]
[pin_to_pin]: Pins of type Unspecified and Unspecified are connected
    ; warning
    @(248.92 mm, 165.10 mm): Symbol SW2 Pin 5 [SW2, Unspecified, Line]
    @(248.92 mm, 168.91 mm): Symbol SW2 Pin 6 [PAD1, Unspecified, Line]
[pin_to_pin]: Pins of type Unspecified and Unspecified are connected
    ; warning
    @(248.92 mm, 168.91 mm): Symbol SW2 Pin 6 [PAD1, Unspecified, Line]
    @(248.92 mm, 171.45 mm): Symbol SW2 Pin 7 [PAD2, Unspecified, Line]
[pin_to_pin]: Pins of type Unspecified and Power input are connected
    ; warning
    @(248.92 mm, 171.45 mm): Symbol SW2 Pin 7 [PAD2, Unspecified, Line]
    @(252.73 mm, 182.88 mm): Symbol #PWR085 Pin 1 [GND, Power input, Line]
[pin_to_pin]: Pins of type Unspecified and Passive are connected
    ; warning
    @(340.36 mm, 151.13 mm): Symbol U11 Pin 1 [1A, Unspecified, Line]
    @(137.16 mm, 173.99 mm): Symbol C28 Pin 1 [Passive, Line]
[pin_to_pin]: Pins of type Unspecified and Bidirectional are connected
    ; warning
    @(340.36 mm, 153.67 mm): Symbol U11 Pin 2 [1Y, Unspecified, Line]
    @(132.08 mm, 166.37 mm): Symbol U6 Pin 17 [PA0, Bidirectional, Line]
[pin_to_pin]: Pins of type Unspecified and Passive are connected
    ; warning
    @(340.36 mm, 156.21 mm): Symbol U11 Pin 3 [2A, Unspecified, Line]
    @(72.39 mm, 162.56 mm): Symbol R12 Pin 1 [Passive, Line]
[pin_to_pin]: Pins of type Unspecified and Bidirectional are connected
    ; warning
    @(340.36 mm, 158.75 mm): Symbol U11 Pin 4 [2Y, Unspecified, Line]
    @(162.56 mm, 166.37 mm): Symbol U6 Pin 25 [PC4, Bidirectional, Line]
[pin_to_pin]: Pins of type Unspecified and Passive are connected
    ; warning
    @(340.36 mm, 161.29 mm): Symbol U11 Pin 5 [3A, Unspecified, Line]
    @(72.39 mm, 170.18 mm): Symbol R13 Pin 1 [Passive, Line]
[pin_to_pin]: Pins of type Unspecified and Bidirectional are connected
    ; warning
    @(340.36 mm, 163.83 mm): Symbol U11 Pin 6 [3Y, Unspecified, Line]
    @(170.18 mm, 166.37 mm): Symbol U6 Pin 27 [PB0, Bidirectional, Line]
[pin_to_pin]: Pins of type Unspecified and Power input are connected
    ; warning
    @(340.36 mm, 166.37 mm): Symbol U11 Pin 7 [GND, Unspecified, Line]
    @(335.28 mm, 182.88 mm): Symbol #PWR089 Pin 1 [GND, Power input, Line]
[pin_to_pin]: Pins of type Unspecified and Power input are connected
    ; warning
    @(360.68 mm, 151.13 mm): Symbol U11 Pin 14 [VCC, Unspecified, Line]
    @(364.49 mm, 143.51 mm): Symbol #PWR093 Pin 1 [Power input, Line]
[pin_to_pin]: Pins of type Unspecified and Passive are connected
    ; warning
    @(360.68 mm, 153.67 mm): Symbol U11 Pin 13 [6A, Unspecified, Line]
    @(270.51 mm, 173.99 mm): Symbol C35 Pin 1 [Passive, Line]
[pin_to_pin]: Pins of type Unspecified and Bidirectional are connected
    ; warning
    @(360.68 mm, 156.21 mm): Symbol U11 Pin 12 [6Y, Unspecified, Line]
    @(166.37 mm, 166.37 mm): Symbol U6 Pin 26 [PC5, Bidirectional, Line]
[pin_to_pin]: Pins of type Unspecified and Passive are connected
    ; warning
    @(360.68 mm, 158.75 mm): Symbol U11 Pin 11 [5A, Unspecified, Line]
    @(204.47 mm, 170.18 mm): Symbol R21 Pin 1 [Passive, Line]
[pin_to_pin]: Pins of type Unspecified and Bidirectional are connected
    ; warning
    @(360.68 mm, 161.29 mm): Symbol U11 Pin 10 [5Y, Unspecified, Line]
    @(177.80 mm, 166.37 mm): Symbol U6 Pin 29 [PB2, Bidirectional, Line]
[pin_to_pin]: Pins of type Unspecified and Passive are connected
    ; warning
    @(360.68 mm, 163.83 mm): Symbol U11 Pin 9 [4A, Unspecified, Line]
    @(204.47 mm, 162.56 mm): Symbol R20 Pin 1 [Passive, Line]
[pin_to_pin]: Pins of type Unspecified and Bidirectional are connected
    ; warning
    @(360.68 mm, 166.37 mm): Symbol U11 Pin 8 [4Y, Unspecified, Line]
    @(173.99 mm, 166.37 mm): Symbol U6 Pin 28 [PB1, Bidirectional, Line]

***** Sheet /Connectors/
[pin_not_connected]: Pin not connected
    ; error
    @(52.07 mm, 46.99 mm): Symbol J2 Pin A1B12 [GND, Power input, Line]
[power_pin_not_driven]: Input Power pin not driven by any Output Power pins
    ; error
    @(52.07 mm, 46.99 mm): Symbol J2 Pin A1B12 [GND, Power input, Line]
[pin_not_connected]: Pin not connected
    ; error
    @(52.07 mm, 49.53 mm): Symbol J2 Pin A4B9 [VBUS, Power input, Line]
[power_pin_not_driven]: Input Power pin not driven by any Output Power pins
    ; error
    @(52.07 mm, 49.53 mm): Symbol J2 Pin A4B9 [VBUS, Power input, Line]
[pin_not_connected]: Pin not connected
    ; error
    @(52.07 mm, 52.07 mm): Symbol J2 Pin A5 [CC1, Bidirectional, Line]
[pin_not_connected]: Pin not connected
    ; error
    @(52.07 mm, 59.69 mm): Symbol J2 Pin A8 [SBU1, Bidirectional, Line]
[pin_not_connected]: Pin not connected
    ; error
    @(77.47 mm, 49.53 mm): Symbol J2 Pin B4A9 [VBUS, Power input, Line]
[power_pin_not_driven]: Input Power pin not driven by any Output Power pins
    ; error
    @(77.47 mm, 49.53 mm): Symbol J2 Pin B4A9 [VBUS, Power input, Line]
[pin_not_connected]: Pin not connected
    ; error
    @(77.47 mm, 52.07 mm): Symbol J2 Pin B5 [CC2, Bidirectional, Line]
[pin_not_connected]: Pin not connected
    ; error
    @(77.47 mm, 59.69 mm): Symbol J2 Pin B8 [SBU2, Bidirectional, Line]
[pin_not_connected]: Pin not connected
    ; error
    @(119.38 mm, 77.47 mm): Symbol R31 Pin 2 [Passive, Line]
[pin_not_connected]: Pin not connected
    ; error
    @(173.99 mm, 43.18 mm): Symbol #PWR0107 Pin 1 [Power input, Line]
[pin_not_connected]: Pin not connected
    ; error
    @(217.17 mm, 76.20 mm): Symbol C41 Pin 2 [Passive, Line]
[pin_not_connected]: Pin not connected
    ; error
    @(180.34 mm, 173.99 mm): Symbol R32 Pin 1 [Passive, Line]
[pin_not_connected]: Pin not connected
    ; error
    @(193.04 mm, 173.99 mm): Symbol R33 Pin 1 [Passive, Line]
[pin_not_connected]: Pin not connected
    ; error
    @(285.75 mm, 71.12 mm): Symbol H4 Pin 1 [1, Input, Line]
[pin_not_driven]: Input pin not driven by any Output pins
    ; error
    @(285.75 mm, 71.12 mm): Symbol H4 Pin 1 [1, Input, Line]
[pin_not_connected]: Pin not connected
    ; error
    @(204.47 mm, 226.06 mm): Symbol C40 Pin 1 [Passive, Line]
[pin_not_connected]: Pin not connected
    ; error
    @(303.53 mm, 176.53 mm): Symbol R36 Pin 1 [Passive, Line]
[pin_not_connected]: Pin not connected
    ; error
    @(354.33 mm, 53.34 mm): Symbol J7 Pin 2 [2, Unspecified, Line]
[pin_not_connected]: Pin not connected
    ; error
    @(354.33 mm, 55.88 mm): Symbol J7 Pin 3 [3, Unspecified, Line]
[pin_to_pin]: Pins of type Unspecified and Power input are connected
    ; warning
    @(354.33 mm, 50.80 mm): Symbol J7 Pin 1 [1, Unspecified, Line]
    @(345.44 mm, 41.91 mm): Symbol #PWR0123 Pin 1 [Power input, Line]

 ** ERC messages: 377  Errors 51  Warnings 326

 ** Ignored checks:
    - Global label only appears once in the schematic
    - Four connection points are joined together
    - SPICE model issue
    - Assigned footprint doesn't match footprint filters
